Microchip MPLAB XC8 Compiler V2.32

Linker command line:

-W-3 --edf=/Applications/microchip/xc8/v2.32/pic/dat/en_msgs.txt -cn \
  -h+dist/default/production/Projet_7Segments.X.production.sym \
  --cmf=dist/default/production/Projet_7Segments.X.production.cmf -z \
  -Q16F876A -o/tmp/xc9EG3Egx --defsym=__MPLAB_BUILD=1 \
  -Mdist/default/production/Projet_7Segments.X.production.map -E1 \
  -ver=XC8 Compiler --acfsm=1493 -ASTACK=0110h-016Fh -pstack=STACK \
  -ACODE=00h-07FFhx4 -ASTRCODE=00h-01FFFh -ASTRING=00h-0FFhx32 \
  -ACONST=00h-0FFhx32 -AENTRY=00h-0FFhx32 -ACOMMON=070h-07Fh \
  -ABANK0=020h-06Fh -ABANK1=0A0h-0EFh -ABANK2=0110h-016Fh \
  -ABANK3=0190h-01EFh -ARAM=020h-06Fh,0A0h-0EFh,0110h-016Fh,0190h-01EFh \
  -AABS1=020h-07Fh,0A0h-0EFh,0110h-016Fh,0190h-01EFh -ASFR0=00h-01Fh \
  -ASFR1=080h-09Fh -ASFR2=0100h-010Fh -ASFR3=0180h-018Fh \
  -ACONFIG=02007h-02007h -DCONFIG=2 -AIDLOC=02000h-02003h -DIDLOC=2 \
  -AEEDATA=00h-0FFh/02100h -peeprom_data=EEDATA -DEEDATA=2 -DCODE=2 \
  -DSTRCODE=2 -DSTRING=2 -DCONST=2 -DENTRY=2 \
  -preset_vec=00h,intentry,init,end_init -ppowerup=CODE -pcinit=CODE \
  -pfunctab=ENTRY -k /tmp/xcP086uRk.o \
  dist/default/production/Projet_7Segments.X.production.o 

Object code version is 3.11

Machine type is 16F876A



                Name                               Link     Load   Length Selector   Space Scale
/tmp/xcP086uRk.o
                end_init                              0        0        3        0       0
                config                             2007     2007        1        0       4
dist/default/production/Projet_7Segments.X.production.o
                cinit                               7EE      7EE       12      FDC       0
                config                             2007     2007        1        0       4
                text4                               6A6      6A6       67      D4C       0
                text3                               64D      64D       59      C9A       0
                text2                               70D      70D       6B      E1A       0
                text1                               778      778       76      EF0       0
                maintext                            60B      60B       42      C16       0
                cstackBANK0                          20       20       2D       20       1
                cstackCOMMON                         70       70        D       70       1
                inittext                            5D8      5D8       13      BB0       0
                dataBANK0                            4D       4D       20       20       1
                idataBANK0                          5EB      5EB       20      BD6       0

TOTAL           Name                               Link     Load   Length     Space
        CLASS   STACK          

        CLASS   CODE           
                end_init                              0        0        3         0
                cinit                               7EE      7EE       12         0
                text4                               6A6      6A6       67         0
                text3                               64D      64D       59         0
                text2                               70D      70D       6B         0
                text1                               778      778       76         0
                maintext                            60B      60B       42         0
                inittext                            5D8      5D8       13         0
                idataBANK0                          5EB      5EB       20         0

        CLASS   STRCODE        

        CLASS   STRING         

        CLASS   CONST          

        CLASS   ENTRY          

        CLASS   COMMON         
                cstackCOMMON                         70       70        D         1

        CLASS   BANK0          
                cstackBANK0                          20       20       2D         1
                dataBANK0                            4D       4D       20         1

        CLASS   BANK1          

        CLASS   BANK2          

        CLASS   BANK3          

        CLASS   RAM            

        CLASS   ABS1           
                abs_s1                               7E       7E        2         1

        CLASS   SFR0           

        CLASS   SFR1           

        CLASS   SFR2           

        CLASS   SFR3           

        CLASS   CONFIG         
                config                             2007     2007        1         4

        CLASS   IDLOC          

        CLASS   EEDATA         



SEGMENTS        Name                           Load    Length   Top    Selector   Space  Class     Delta

                text1                          000778  000076  0007EE       EF0       0  CODE        2
                maintext                       00060B  000042  00064D       C16       0  CODE        2
                idataBANK0                     0005EB  000020  00060B       BD6       0  CODE        2
                inittext                       0005D8  000013  0005EB       BB0       0  CODE        2
                text2                          00070D  00006B  000778       E1A       0  CODE        2
                text4                          0006A6  000067  00070D       D4C       0  CODE        2
                text3                          00064D  000059  0006A6       C9A       0  CODE        2
                cinit                          0007EE  000012  000800       FDC       0  CODE        2
                reset_vec                      000000  000003  000003         0       0  CODE        2
                cstackCOMMON                   000070  00000D  00007D        70       1  COMMON      1
                cstackBANK0                    000020  00004D  00006D        20       1  BANK0       1


UNUSED ADDRESS RANGES

        Name                Unused          Largest block    Delta
        BANK0            006D-006F              3           1
        BANK1            00A0-00EF             50           1
        BANK2            0110-016F             60           1
        BANK3            0190-01EF             60           1
        CODE             0003-05D7            5D5           2
                         0800-1FFF            800
        COMMON           007D-007D              1           1
        CONST            0003-05D7            100           2
                         0800-1FFF            100
        EEDATA           2100-21FF            100           2
        ENTRY            0003-05D7            100           2
                         0800-1FFF            100
        IDLOC            2000-2003              4           2
        RAM              006D-006F              3           1
                         00A0-00EF             50
                         0110-016F             60
                         0190-01EF             60
        SFR0             0000-001F             20           1
        SFR1             0080-009F             20           1
        SFR2             0100-010F             10           1
        SFR3             0180-018F             10           1
        STACK            0110-016F             60           1
        STRCODE          0003-05D7            5D5           2
                         0800-1FFF           1800
        STRING           0003-05D7            100           2
                         0800-1FFF            100

                                  Symbol Table

?___awdiv                cstackCOMMON 0070
?___awmod                cstackCOMMON 0070
_ADCON1                  (abs)        009F
_PIR1bits                (abs)        000C
_PORTB                   (abs)        0006
_SSPADD                  (abs)        0093
_SSPBUF                  (abs)        0013
_SSPCON                  (abs)        0014
_SSPCON2                 (abs)        0091
_SSPCON2bits             (abs)        0091
_SSPSTAT                 (abs)        0094
_TRISA                   (abs)        0085
_TRISB                   (abs)        0086
_TRISC                   (abs)        0087
__Habs1                  abs1         0000
__Hbank0                 bank0        0000
__Hbank1                 bank1        0000
__Hbank2                 bank2        0000
__Hbank3                 bank3        0000
__Hcinit                 cinit        0800
__Hclrtext               clrtext      0000
__Hcode                  code         0000
__Hcommon                common       0000
__Hconfig                config       2008
__HcstackBANK0           cstackBANK0  0000
__HcstackCOMMON          cstackCOMMON 0000
__HdataBANK0             dataBANK0    0000
__Heeprom_data           eeprom_data  0000
__Hend_init              end_init     0003
__Hfunctab               functab      0000
__HidataBANK0            idataBANK0   0000
__Hinit                  init         0000
__Hinittext              inittext     0000
__Hintentry              intentry     0000
__Hmaintext              maintext     0000
__Hpowerup               powerup      0000
__Hram                   ram          0000
__Hreset_vec             reset_vec    0000
__Hsfr0                  sfr0         0000
__Hsfr1                  sfr1         0000
__Hsfr2                  sfr2         0000
__Hsfr3                  sfr3         0000
__Hspace_0               (abs)        0800
__Hspace_1               (abs)        007D
__Hspace_2               (abs)        0000
__Hspace_3               (abs)        0000
__Hspace_4               (abs)        400F
__Hstack                 stack        0000
__Hstrings               strings      0000
__Htext                  text         0000
__Labs1                  abs1         0000
__Lbank0                 bank0        0000
__Lbank1                 bank1        0000
__Lbank2                 bank2        0000
__Lbank3                 bank3        0000
__Lcinit                 cinit        07EE
__Lclrtext               clrtext      0000
__Lcode                  code         0000
__Lcommon                common       0000
__Lconfig                config       0000
__LcstackBANK0           cstackBANK0  0000
__LcstackCOMMON          cstackCOMMON 0000
__LdataBANK0             dataBANK0    0000
__Leeprom_data           eeprom_data  0000
__Lend_init              end_init     0000
__Lfunctab               functab      0000
__LidataBANK0            idataBANK0   0000
__Linit                  init         0000
__Linittext              inittext     0000
__Lintentry              intentry     0000
__Lmaintext              maintext     0000
__Lpowerup               powerup      0000
__Lram                   ram          0000
__Lreset_vec             reset_vec    0000
__Lsfr0                  sfr0         0000
__Lsfr1                  sfr1         0000
__Lsfr2                  sfr2         0000
__Lsfr3                  sfr3         0000
__Lspace_0               (abs)        0000
__Lspace_1               (abs)        0000
__Lspace_2               (abs)        0000
__Lspace_3               (abs)        0000
__Lspace_4               (abs)        0000
__Lstack                 stack        0000
__Lstrings               strings      0000
__Ltext                  text         0000
__S0                     (abs)        0800
__S1                     (abs)        007D
__S2                     (abs)        0000
__S3                     (abs)        0000
___awdiv                 text4        06A6
___awdiv@counter         cstackCOMMON 0075
___awdiv@dividend        cstackCOMMON 0072
___awdiv@divisor         cstackCOMMON 0070
___awdiv@quotient        cstackCOMMON 0077
___awdiv@sign            cstackCOMMON 0076
___awmod                 text3        064D
___awmod@counter         cstackCOMMON 0075
___awmod@dividend        cstackCOMMON 0072
___awmod@divisor         cstackCOMMON 0070
___awmod@sign            cstackCOMMON 0076
___int_sp                stack        0000
___latbits               (abs)        0002
___sp                    stack        0000
___stackhi               (abs)        0000
___stacklo               (abs)        0000
__end_of___awdiv         text4        070D
__end_of___awmod         text3        06A6
__end_of__initialization cinit        07FC
__end_of_affiche         text1        07EE
__end_of_afficheur       text2        0778
__end_of_main            maintext     064D
__initialization         cinit        07EE
__pcstackBANK0           cstackBANK0  0020
__pcstackCOMMON          cstackCOMMON 0070
__pdataBANK0             dataBANK0    004D
__pidataBANK0            idataBANK0   05EB
__pmaintext              maintext     060B
__ptext1                 text1        0778
__ptext2                 text2        070D
__ptext3                 text3        064D
__ptext4                 text4        06A6
__size_of___awdiv        (abs)        0000
__size_of___awmod        (abs)        0000
__size_of_affiche        (abs)        0000
__size_of_afficheur      (abs)        0000
__size_of_main           (abs)        0000
_affiche                 text1        0778
_affiche$717             cstackBANK0  0046
_afficheur               text2        070D
_main                    maintext     060B
affiche@nombre           cstackBANK0  0044
afficheur@F781           dataBANK0    004D
afficheur@pos_segment    cstackBANK0  0024
afficheur@position       cstackCOMMON 0079
afficheur@valeur         cstackCOMMON 007B
btemp                    (abs)        007E
end_of_initialization    cinit        07FC
init_fetch0              inittext     05D8
init_ram0                inittext     05DC
intlevel0                functab      0000
intlevel1                functab      0000
intlevel2                functab      0000
intlevel3                functab      0000
intlevel4                functab      0000
intlevel5                functab      0000
main@a                   cstackBANK0  004B
reset_vec                reset_vec    0000
start                    init         0000
start_initialization     cinit        07EE
wtemp0                   (abs)        007E


MODULE INFORMATION

Module		Function		Class		Link	Load	Size
/Applications/microchip/xc8/v2.32/pic/sources/c90/common/awmod.c
		___awmod       		CODE           	064D	0000	89

/Applications/microchip/xc8/v2.32/pic/sources/c90/common/awmod.c estimated size: 89

/Applications/microchip/xc8/v2.32/pic/sources/c90/common/awdiv.c
		___awdiv       		CODE           	06A6	0000	103

/Applications/microchip/xc8/v2.32/pic/sources/c90/common/awdiv.c estimated size: 103

shared
		__initialization		CODE           	07EE	0000	14

shared estimated size: 14

main.c
		_affiche       		CODE           	0778	0000	118
		_afficheur     		CODE           	070D	0000	107
		_main          		CODE           	060B	0000	66

main.c estimated size: 291

